18:39:21 **** Incremental Build of configuration Debug for project dc_driver_test ****
make -j8 all 
arm-none-eabi-gcc "../Src/button_brake.c" -mcpu=cortex-m4 -std=gnu11 -g3 -DDEBUG -DSTM32 -DSTM32F407G_DISC1 -DSTM32F4 -DSTM32F407VGTx -c -I../Inc -I"/home/tomasz/Documents/Projekty/Brama/Plytki/hen_gate/software/test/dc_driver_test/CMSIS/Device/ST/STM32F4xx/Include" -I"/home/tomasz/Documents/Projekty/Brama/Plytki/hen_gate/software/test/dc_driver_test/CMSIS/Include" -O0 -ffunction-sections -fdata-sections -Wall -fstack-usage -fcyclomatic-complexity -MMD -MP -MF"Src/button_brake.d" -MT"Src/button_brake.o" --specs=nano.specs -mfpu=fpv4-sp-d16 -mfloat-abi=hard -mthumb -o "Src/button_brake.o"
arm-none-eabi-gcc "../Src/button_run.c" -mcpu=cortex-m4 -std=gnu11 -g3 -DDEBUG -DSTM32 -DSTM32F407G_DISC1 -DSTM32F4 -DSTM32F407VGTx -c -I../Inc -I"/home/tomasz/Documents/Projekty/Brama/Plytki/hen_gate/software/test/dc_driver_test/CMSIS/Device/ST/STM32F4xx/Include" -I"/home/tomasz/Documents/Projekty/Brama/Plytki/hen_gate/software/test/dc_driver_test/CMSIS/Include" -O0 -ffunction-sections -fdata-sections -Wall -fstack-usage -fcyclomatic-complexity -MMD -MP -MF"Src/button_run.d" -MT"Src/button_run.o" --specs=nano.specs -mfpu=fpv4-sp-d16 -mfloat-abi=hard -mthumb -o "Src/button_run.o"
arm-none-eabi-gcc -o "dc_driver_test.elf" @"objects.list"   -mcpu=cortex-m4 -T"/home/tomasz/Documents/Projekty/Brama/Plytki/hen_gate/software/test/dc_driver_test/STM32F407VGTX_FLASH.ld" --specs=nosys.specs -Wl,-Map="dc_driver_test.map" -Wl,--gc-sections -static --specs=nano.specs -mfpu=fpv4-sp-d16 -mfloat-abi=hard -mthumb -Wl,--start-group -lc -lm -Wl,--end-group
Finished building target: dc_driver_test.elf
 
arm-none-eabi-size  dc_driver_test.elf 
arm-none-eabi-objdump -h -S dc_driver_test.elf  > "dc_driver_test.list"
   text	   data	    bss	    dec	    hex	filename
   2756	      4	   1580	   4340	   10f4	dc_driver_test.elf
Finished building: default.size.stdout
 
Finished building: dc_driver_test.list
 
18:39:32 **** Incremental Build of configuration Debug for project dc_driver_test ****
make -j8 all 
arm-none-eabi-size  dc_driver_test.elf 
   text	   data	    bss	    dec	    hex	filename
   2756	      4	   1580	   4340	   10f4	dc_driver_test.elf
Finished building: default.size.stdout
 
